====
Starting job 9432112 at Mon 26 Jan 16:43:40 GMT 2026 for user dc-hick2.
Running on nodes: mad04
====
==========================================
Starting convergence computation (v3)
  Redshift: iz207
  Iteration: 3
  Subvolumes: 1,2,3,4,5,8,10,15,20,25,30,40,50,80,100,150,200,300,500,750,1024
  Halo mass cut: 1e11 Msun
  Output: convergence_results_v3_iter3
  Start time: Mon 26 Jan 16:43:40 GMT 2026
==========================================

Starting convergence computation:
  snapshot: iz207
  iteration: 3
  subvol_counts: [1, 2, 3, 4, 5, 8, 10, 15, 20, 25, 30, 40, 50, 80, 100, 150, 200, 300, 500, 750, 1024]
  mhalo_min: 1.00e+11
  output_dir: convergence_results_v3_iter3


============================================================
Computing convergence for iz207
Subvolume counts: [1, 2, 3, 4, 5, 8, 10, 15, 20, 25, 30, 40, 50, 80, 100, 150, 200, 300, 500, 750, 1024]
Halo mass cut: 1.00e+11
============================================================
iz207: found 1024 ivol dirs; checked 1024 galaxies.hdf5; completed 1024/1024; skipped 0 without galaxies.hdf5
Available completed subvolumes: 1024

  n_ivols=1: HMF 2PCF

  n_ivols=2: HMF 2PCF

  n_ivols=3: HMF 2PCF

  n_ivols=4: HMF 2PCF

  n_ivols=5: HMF 2PCF

  n_ivols=8: HMF 2PCF

  n_ivols=10: HMF 2PCF

  n_ivols=15: HMF 2PCF

  n_ivols=20: HMF 2PCF

  n_ivols=25: HMF 2PCF

  n_ivols=30: 